Release 14.4 - xst P.49d (nt64)
Copyright (c) 1995-2012 Xilinx, Inc.  All rights reserved.
--> Parameter TMPDIR set to xst/projnav.tmp


Total REAL time to Xst completion: 0.00 secs
Total CPU time to Xst completion: 0.23 secs
 
--> Parameter xsthdpdir set to xst


Total REAL time to Xst completion: 0.00 secs
Total CPU time to Xst completion: 0.25 secs
 
--> Reading design: SumadorRestador6bits.prj

TABLE OF CONTENTS
  1) Synthesis Options Summary
  2) HDL Compilation
  3) Design Hierarchy Analysis
  4) HDL Analysis
  5) HDL Synthesis
     5.1) HDL Synthesis Report
  6) Advanced HDL Synthesis
     6.1) Advanced HDL Synthesis Report
  7) Low Level Synthesis
  8) Partition Report
  9) Final Report
	9.1) Device utilization summary
	9.2) Partition Resource Summary
	9.3) TIMING REPORT


=========================================================================
*                      Synthesis Options Summary                        *
=========================================================================
---- Source Parameters
Input File Name                    : "SumadorRestador6bits.prj"
Input Format                       : mixed
Ignore Synthesis Constraint File   : NO

---- Target Parameters
Output File Name                   : "SumadorRestador6bits"
Output Format                      : NGC
Target Device                      : xc3s500e-4-fg320

---- Source Options
Top Module Name                    : SumadorRestador6bits
Automatic FSM Extraction           : YES
FSM Encoding Algorithm             : Auto
Safe Implementation                : No
FSM Style                          : LUT
RAM Extraction                     : Yes
RAM Style                          : Auto
ROM Extraction                     : Yes
Mux Style                          : Auto
Decoder Extraction                 : YES
Priority Encoder Extraction        : Yes
Shift Register Extraction          : YES
Logical Shifter Extraction         : YES
XOR Collapsing                     : YES
ROM Style                          : Auto
Mux Extraction                     : Yes
Resource Sharing                   : YES
Asynchronous To Synchronous        : NO
Multiplier Style                   : Auto
Automatic Register Balancing       : No

---- Target Options
Add IO Buffers                     : YES
Global Maximum Fanout              : 100000
Add Generic Clock Buffer(BUFG)     : 24
Register Duplication               : YES
Slice Packing                      : YES
Optimize Instantiated Primitives   : NO
Use Clock Enable                   : Yes
Use Synchronous Set                : Yes
Use Synchronous Reset              : Yes
Pack IO Registers into IOBs        : Auto
Equivalent register Removal        : YES

---- General Options
Optimization Goal                  : Speed
Optimization Effort                : 1
Keep Hierarchy                     : No
Netlist Hierarchy                  : As_Optimized
RTL Output                         : Yes
Global Optimization                : AllClockNets
Read Cores                         : YES
Write Timing Constraints           : NO
Cross Clock Analysis               : NO
Hierarchy Separator                : /
Bus Delimiter                      : <>
Case Specifier                     : Maintain
Slice Utilization Ratio            : 100
BRAM Utilization Ratio             : 100
Verilog 2001                       : YES
Auto BRAM Packing                  : NO
Slice Utilization Ratio Delta      : 5

=========================================================================


=========================================================================
*                          HDL Compilation                              *
=========================================================================
Compiling vhdl file "C:/Users/alejandro/Desktop/proyectologica/proyect/SumadorRestador6bits.vhf" in Library work.
Entity <sumador1bit_muser_sumadorrestador6bits> compiled.
Entity <sumador1bit_muser_sumadorrestador6bits> (Architecture <behavioral>) compiled.
Entity <sumador6bits_muser_sumadorrestador6bits> compiled.
Entity <sumador6bits_muser_sumadorrestador6bits> (Architecture <behavioral>) compiled.
Entity <sumadorrestador6bits> compiled.
Entity <sumadorrestador6bits> (Architecture <behavioral>) compiled.
Compiling vhdl file "C:/Users/alejandro/Desktop/proyectologica/proyect/Sumador6bits.vhf" in Library work.
Architecture behavioral of Entity sumador1bit_muser_sumador6bits is up to date.
Architecture behavioral of Entity sumador6bits is up to date.
Compiling vhdl file "C:/Users/alejandro/Desktop/proyectologica/proyect/Sumador1Bit.vhf" in Library work.
Architecture behavioral of Entity sumador1bit is up to date.

=========================================================================
*                     Design Hierarchy Analysis                         *
=========================================================================
Analyzing hierarchy for entity <SumadorRestador6bits> in library <work> (architecture <behavioral>).

Analyzing hierarchy for entity <Sumador6bits_MUSER_SumadorRestador6bits> in library <work> (architecture <behavioral>).

Analyzing hierarchy for entity <Sumador1Bit_MUSER_SumadorRestador6bits> in library <work> (architecture <behavioral>).


=========================================================================
*                            HDL Analysis                               *
=========================================================================
Analyzing Entity <SumadorRestador6bits> in library <work> (Architecture <behavioral>).
Entity <SumadorRestador6bits> analyzed. Unit <SumadorRestador6bits> generated.

Analyzing Entity <Sumador6bits_MUSER_SumadorRestador6bits> in library <work> (Architecture <behavioral>).
Entity <Sumador6bits_MUSER_SumadorRestador6bits> analyzed. Unit <Sumador6bits_MUSER_SumadorRestador6bits> generated.

Analyzing Entity <Sumador1Bit_MUSER_SumadorRestador6bits> in library <work> (Architecture <behavioral>).
Entity <Sumador1Bit_MUSER_SumadorRestador6bits> analyzed. Unit <Sumador1Bit_MUSER_SumadorRestador6bits> generated.


=========================================================================
*                           HDL Synthesis                               *
=========================================================================

Performing bidirectional port resolution...

Synthesizing Unit <Sumador1Bit_MUSER_SumadorRestador6bits>.
    Related source file is "C:/Users/alejandro/Desktop/proyectologica/proyect/SumadorRestador6bits.vhf".
Unit <Sumador1Bit_MUSER_SumadorRestador6bits> synthesized.


Synthesizing Unit <Sumador6bits_MUSER_SumadorRestador6bits>.
    Related source file is "C:/Users/alejandro/Desktop/proyectologica/proyect/SumadorRestador6bits.vhf".
Unit <Sumador6bits_MUSER_SumadorRestador6bits> synthesized.


Synthesizing Unit <SumadorRestador6bits>.
    Related source file is "C:/Users/alejandro/Desktop/proyectologica/proyect/SumadorRestador6bits.vhf".
Unit <SumadorRestador6bits> synthesized.


=========================================================================
HDL Synthesis Report

Found no macro
=========================================================================

=========================================================================
*                       Advanced HDL Synthesis                          *
=========================================================================


=========================================================================
Advanced HDL Synthesis Report

Found no macro
=========================================================================

=========================================================================
*                         Low Level Synthesis                           *
=========================================================================

Optimizing unit <SumadorRestador6bits> ...

Mapping all equations...
Building and optimizing final netlist ...
Found area constraint ratio of 100 (+ 5) on block SumadorRestador6bits, actual ratio is 0.

Final Macro Processing ...

=========================================================================
Final Register Report

Found no macro
=========================================================================

=========================================================================
*                           Partition Report                            *
=========================================================================

Partition Implementation Status
-------------------------------

  No Partitions were found in this design.

-------------------------------

=========================================================================
*                            Final Report                               *
=========================================================================
Final Results
RTL Top Level Output File Name     : SumadorRestador6bits.ngr
Top Level Output File Name         : SumadorRestador6bits
Output Format                      : NGC
Optimization Goal                  : Speed
Keep Hierarchy                     : No

Design Statistics
# IOs                              : 20

Cell Usage :
# BELS                             : 36
#      AND2                        : 12
#      OR2                         : 6
#      XOR2                        : 18
# IO Buffers                       : 20
#      IBUF                        : 13
#      OBUF                        : 7
=========================================================================

Device utilization summary:
---------------------------

Selected Device : 3s500efg320-4 

 Number of Slices:                        0  out of   4656     0%  
 Number of IOs:                          20
 Number of bonded IOBs:                  20  out of    232     8%  

---------------------------
Partition Resource Summary:
---------------------------

  No Partitions were found in this design.

---------------------------


=========================================================================
TIMING REPORT

NOTE: THESE TIMING NUMBERS ARE ONLY A SYNTHESIS ESTIMATE.
      FOR ACCURATE TIMING INFORMATION PLEASE REFER TO THE TRACE REPORT
      GENERATED AFTER PLACE-and-ROUTE.

Clock Information:
------------------
No clock signals found in this design

Asynchronous Control Signals Information:
----------------------------------------
No asynchronous control signals found in this design

Timing Summary:
---------------
Speed Grade: -4

   Minimum period: No path found
   Minimum input arrival time before clock: No path found
   Maximum output required time after clock: No path found
   Maximum combinational path delay: 21.172ns

Timing Detail:
--------------
All values displayed in nanoseconds (ns)

=========================================================================
Timing constraint: Default path analysis
  Total number of paths / destination ports: 151 / 7
-------------------------------------------------------------------------
Delay:               21.172ns (Levels of Logic = 16)
  Source:            control (PAD)
  Destination:       cout (PAD)

  Data Path: control to cout
                                Gate     Net
    Cell:in->out      fanout   Delay   Delay  Logical Name (Net Name)
    ----------------------------------------  ------------
     IBUF:I->O             8   1.218   0.757  control_IBUF (control_IBUF)
     XOR2:I0->O            2   0.704   0.447  XLXI_2 (XLXN_27)
     XOR2:I0->O            2   0.704   0.447  XLXI_1/XLXI_1/XLXI_3 (XLXI_1/XLXI_1/XLXN_17)
     AND2:I0->O            1   0.704   0.420  XLXI_1/XLXI_1/XLXI_5 (XLXI_1/XLXI_1/XLXN_22)
     OR2:I1->O             2   0.704   0.447  XLXI_1/XLXI_1/XLXI_6 (XLXI_1/XLXN_6)
     AND2:I1->O            1   0.704   0.420  XLXI_1/XLXI_2/XLXI_5 (XLXI_1/XLXI_2/XLXN_22)
     OR2:I1->O             2   0.704   0.447  XLXI_1/XLXI_2/XLXI_6 (XLXI_1/XLXN_9)
     AND2:I1->O            1   0.704   0.420  XLXI_1/XLXI_5/XLXI_5 (XLXI_1/XLXI_5/XLXN_22)
     OR2:I1->O             2   0.704   0.447  XLXI_1/XLXI_5/XLXI_6 (XLXI_1/XLXN_12)
     AND2:I1->O            1   0.704   0.420  XLXI_1/XLXI_6/XLXI_5 (XLXI_1/XLXI_6/XLXN_22)
     OR2:I1->O             2   0.704   0.447  XLXI_1/XLXI_6/XLXI_6 (XLXI_1/XLXN_15)
     AND2:I1->O            1   0.704   0.420  XLXI_1/XLXI_3/XLXI_5 (XLXI_1/XLXI_3/XLXN_22)
     OR2:I1->O             2   0.704   0.447  XLXI_1/XLXI_3/XLXI_6 (XLXI_1/XLXN_18)
     AND2:I1->O            1   0.704   0.420  XLXI_1/XLXI_4/XLXI_5 (XLXI_1/XLXI_4/XLXN_22)
     OR2:I1->O             1   0.704   0.420  XLXI_1/XLXI_4/XLXI_6 (cout_OBUF)
     OBUF:I->O                 3.272          cout_OBUF (cout)
    ----------------------------------------
    Total                     21.172ns (14.346ns logic, 6.826ns route)
                                       (67.8% logic, 32.2% route)

=========================================================================


Total REAL time to Xst completion: 15.00 secs
Total CPU time to Xst completion: 14.63 secs
 
--> 

Total memory usage is 259444 kilobytes

Number of errors   :    0 (   0 filtered)
Number of warnings :    0 (   0 filtered)
Number of infos    :    0 (   0 filtered)

