AR comparador6bits comparacion C:/Users/alejandro/Desktop/proyectologica/proyect/Comparador6Bits.vhd sub00/vhpl55 1543441342
EN raiz_muser_calculadora NULL C:/Users/alejandro/Desktop/proyectologica/proyect/Calculadora.vhf sub00/vhpl20 1543429633
AR raizinterno_muser_pruebaraiz behavioral C:/Users/alejandro/Desktop/proyectologica/proyect/pruebaRaiz.vhf sub00/vhpl47 1543435940
EN comparador6bits NULL C:/Users/alejandro/Desktop/proyectologica/proyect/Comparador6Bits.vhd sub00/vhpl54 1543441341
EN ftc_mxilinx_division NULL C:/Users/alejandro/Desktop/proyectologica/proyect/Division.vhf sub00/vhpl92 1543619221
EN division NULL C:/Users/alejandro/Desktop/proyectologica/proyect/Division.vhf sub01/vhpl102 1543619231
AR registro_muser_registroa behavioral C:/Users/alejandro/Desktop/proyectologica/proyect/RegistroA.vhf sub01/vhpl105 1543619238
AR ftc_mxilinx_contador behavioral C:/Users/alejandro/Desktop/proyectologica/proyect/Contador.vhf sub00/vhpl67 1543619234
AR sumador1bit_muser_sumador6bits behavioral C:/Users/alejandro/Desktop/proyectologica/proyect/Sumador6bits.vhf sub00/vhpl07 1543619250
AR registro behavioral C:/Users/alejandro/Desktop/proyectologica/proyect/Registro.vhf sub01/vhpl109 1543619248
AR sqrt8 test C:/Users/alejandro/Desktop/proyectologica/proyect/raizCuadrada.vhd sub00/vhpl17 1543358793
EN contador_muser_fulldiv NULL C:/Users/alejandro/Desktop/proyectologica/proyect/FullDiv.vhf sub00/vhpl76 1543619205
AR comparador comparacion C:/Users/alejandro/Desktop/proyectologica/proyect/COMPARADOR.vhd sub00/vhpl53 1543619194
AR sumador6bits_muser_sumadorrestador6bits behavioral C:/Users/alejandro/Desktop/proyectologica/proyect/SumadorRestador6bits.vhf sub00/vhpl03 1543619244
EN fulldiv NULL C:/Users/alejandro/Desktop/proyectologica/proyect/FullDiv.vhf sub00/vhpl86 1543619215
EN multiinterno NULL C:/Users/alejandro/Desktop/proyectologica/proyect/MultiInterno.vhf sub00/vhpl44 1543525046
AR raiz behavioral C:/Users/alejandro/Desktop/proyectologica/proyect/Raiz.vhf sub00/vhpl27 1543435948
EN multiplicador NULL C:/Users/alejandro/Desktop/proyectologica/proyect/Multiplicador.vhf sub00/vhpl40 1543525042
EN raiz_muser_pruebaraiz NULL C:/Users/alejandro/Desktop/proyectologica/proyect/pruebaRaiz.vhf sub00/vhpl48 1543435941
AR sumadorrestador6bits behavioral C:/Users/alejandro/Desktop/proyectologica/proyect/SumadorRestador6bits.vhf sub00/vhpl05 1543619246
AR contadord behavioral C:/Users/alejandro/Desktop/proyectologica/proyect/ContadorD.vhf sub00/vhpl69 1543538973
AR division_muser_fulldiv behavioral C:/Users/alejandro/Desktop/proyectologica/proyect/FullDiv.vhf sub00/vhpl85 1543619214
AR ftc_mxilinx_fulldiv behavioral C:/Users/alejandro/Desktop/proyectologica/proyect/FullDiv.vhf sub00/vhpl75 1543619204
AR contadorprueba behavioral C:/Users/alejandro/Desktop/proyectologica/proyect/contadorPrueba.vhf sub00/vhpl63 1543522410
AR sumador1bit behavioral C:/Users/alejandro/Desktop/proyectologica/proyect/Sumador1Bit.vhf sub00/vhpl11 1543619254
EN registro_muser_registroa NULL C:/Users/alejandro/Desktop/proyectologica/proyect/RegistroA.vhf sub01/vhpl104 1543619237
EN sumador6bits NULL C:/Users/alejandro/Desktop/proyectologica/proyect/Sumador6bits.vhf sub00/vhpl08 1543619251
AR sm circuits C:/Users/alejandro/Desktop/proyectologica/proyect/raizCuadrada.vhd sub00/vhpl13 1543358789
EN sumador1bit_muser_sumadorrestador6bits NULL C:/Users/alejandro/Desktop/proyectologica/proyect/SumadorRestador6bits.vhf sub00/vhpl00 1543619241
EN sumadorrestador6bits_muser_fulldiv NULL C:/Users/alejandro/Desktop/proyectologica/proyect/FullDiv.vhf sub00/vhpl82 1543619211
EN psqrt NULL C:/Users/alejandro/Desktop/proyectologica/proyect/raizCuadrada.vhd sub00/vhpl14 1543358790
EN ftc_mxilinx_fulldiv NULL C:/Users/alejandro/Desktop/proyectologica/proyect/FullDiv.vhf sub00/vhpl74 1543619203
EN sumador6bits_muser_fulldiv NULL C:/Users/alejandro/Desktop/proyectologica/proyect/FullDiv.vhf sub00/vhpl80 1543619209
EN muxbus6 NULL C:/Users/alejandro/Desktop/proyectologica/proyect/muxBus6.vhd sub00/vhpl58 1543619195
EN sumador1bit_muser_fulldiv NULL C:/Users/alejandro/Desktop/proyectologica/proyect/FullDiv.vhf sub00/vhpl78 1543619207
EN sumador1bit_muser_division NULL C:/Users/alejandro/Desktop/proyectologica/proyect/Division.vhf sub00/vhpl96 1543619225
AR multiinterno behavioral C:/Users/alejandro/Desktop/proyectologica/proyect/MultiInterno.vhf sub00/vhpl45 1543525047
AR fulldiv behavioral C:/Users/alejandro/Desktop/proyectologica/proyect/FullDiv.vhf sub00/vhpl87 1543619216
AR division behavioral C:/Users/alejandro/Desktop/proyectologica/proyect/Division.vhf sub01/vhpl103 1543619232
AR sumador1bit_muser_sumadorrestador6bits behavioral C:/Users/alejandro/Desktop/proyectologica/proyect/SumadorRestador6bits.vhf sub00/vhpl01 1543619242
AR registroa_muser_fulldiv behavioral C:/Users/alejandro/Desktop/proyectologica/proyect/FullDiv.vhf sub00/vhpl73 1543619202
EN sumador1bit_muser_multiinterno NULL C:/Users/alejandro/Desktop/proyectologica/proyect/MultiInterno.vhf sub00/vhpl42 1543525044
AR sumadorrestador6bits_muser_fulldiv behavioral C:/Users/alejandro/Desktop/proyectologica/proyect/FullDiv.vhf sub00/vhpl83 1543619212
EN registroa NULL C:/Users/alejandro/Desktop/proyectologica/proyect/RegistroA.vhf sub01/vhpl106 1543619239
AR registroa behavioral C:/Users/alejandro/Desktop/proyectologica/proyect/RegistroA.vhf sub01/vhpl107 1543619240
EN raizinterno_muser_raiz NULL C:/Users/alejandro/Desktop/proyectologica/proyect/Raiz.vhf sub00/vhpl24 1543435945
AR muxbus6 behavioral C:/Users/alejandro/Desktop/proyectologica/proyect/muxBus6.vhd sub00/vhpl59 1543619196
AR psqrt circuits C:/Users/alejandro/Desktop/proyectologica/proyect/raizCuadrada.vhd sub00/vhpl15 1543358791
EN division_muser_fulldiv NULL C:/Users/alejandro/Desktop/proyectologica/proyect/FullDiv.vhf sub00/vhpl84 1543619213
AR multiinterno_muser_multiplicador behavioral C:/Users/alejandro/Desktop/proyectologica/proyect/Multiplicador.vhf sub00/vhpl39 1543525041
EN sumador1bit NULL C:/Users/alejandro/Desktop/proyectologica/proyect/Sumador1Bit.vhf sub00/vhpl10 1543619253
AR sumador1bit_muser_fulldiv behavioral C:/Users/alejandro/Desktop/proyectologica/proyect/FullDiv.vhf sub00/vhpl79 1543619208
AR sumador1bit_muser_division behavioral C:/Users/alejandro/Desktop/proyectologica/proyect/Division.vhf sub00/vhpl97 1543619226
AR pruebaraiz behavioral C:/Users/alejandro/Desktop/proyectologica/proyect/pruebaRaiz.vhf sub00/vhpl51 1543435944
AR sumador6bits_muser_fulldiv behavioral C:/Users/alejandro/Desktop/proyectologica/proyect/FullDiv.vhf sub00/vhpl81 1543619210
EN sumador1bit_muser_calculadora NULL C:/Users/alejandro/Desktop/proyectologica/proyect/Calculadora.vhf sub00/vhpl30 1543525030
AR registro_muser_division behavioral C:/Users/alejandro/Desktop/proyectologica/proyect/Division.vhf sub00/vhpl89 1543619218
EN sm NULL C:/Users/alejandro/Desktop/proyectologica/proyect/raizCuadrada.vhd sub00/vhpl12 1543358788
AR ftc_mxilinx_division behavioral C:/Users/alejandro/Desktop/proyectologica/proyect/Division.vhf sub00/vhpl93 1543619222
EN raizinterno_muser_pruebaraiz NULL C:/Users/alejandro/Desktop/proyectologica/proyect/pruebaRaiz.vhf sub00/vhpl46 1543435939
AR sumador1bit_muser_multiinterno behavioral C:/Users/alejandro/Desktop/proyectologica/proyect/MultiInterno.vhf sub00/vhpl43 1543525045
EN registroa_muser_division NULL C:/Users/alejandro/Desktop/proyectologica/proyect/Division.vhf sub00/vhpl90 1543619219
AR contador_muser_contadorprueba behavioral C:/Users/alejandro/Desktop/proyectologica/proyect/contadorPrueba.vhf sub00/vhpl61 1543521202
AR sumador6bits_muser_division behavioral C:/Users/alejandro/Desktop/proyectologica/proyect/Division.vhf sub00/vhpl99 1543619228
EN sumador6bits_muser_sumadorrestador6bits NULL C:/Users/alejandro/Desktop/proyectologica/proyect/SumadorRestador6bits.vhf sub00/vhpl02 1543619243
EN sumador1bit_muser_sumador6bits NULL C:/Users/alejandro/Desktop/proyectologica/proyect/Sumador6bits.vhf sub00/vhpl06 1543619249
AR contador_muser_division behavioral C:/Users/alejandro/Desktop/proyectologica/proyect/Division.vhf sub00/vhpl95 1543619224
EN sqrt8 NULL C:/Users/alejandro/Desktop/proyectologica/proyect/raizCuadrada.vhd sub00/vhpl16 1543358792
EN contadorprueba NULL C:/Users/alejandro/Desktop/proyectologica/proyect/contadorPrueba.vhf sub00/vhpl62 1543522409
EN registro_muser_division NULL C:/Users/alejandro/Desktop/proyectologica/proyect/Division.vhf sub00/vhpl88 1543619217
EN sumadorrestador6bits NULL C:/Users/alejandro/Desktop/proyectologica/proyect/SumadorRestador6bits.vhf sub00/vhpl04 1543619245
EN registroa_muser_fulldiv NULL C:/Users/alejandro/Desktop/proyectologica/proyect/FullDiv.vhf sub00/vhpl72 1543619201
EN sumadorrestador6bits_muser_division NULL C:/Users/alejandro/Desktop/proyectologica/proyect/Division.vhf sub01/vhpl100 1543619229
EN multiinterno_muser_calculadora NULL C:/Users/alejandro/Desktop/proyectologica/proyect/Calculadora.vhf sub00/vhpl32 1543525032
EN registro_muser_fulldiv NULL C:/Users/alejandro/Desktop/proyectologica/proyect/FullDiv.vhf sub00/vhpl70 1543619199
EN raizinterno_muser_calculadora NULL C:/Users/alejandro/Desktop/proyectologica/proyect/Calculadora.vhf sub00/vhpl18 1543429631
AR multiplicador behavioral C:/Users/alejandro/Desktop/proyectologica/proyect/Multiplicador.vhf sub00/vhpl41 1543525043
EN moore NULL C:/Users/alejandro/Desktop/proyectologica/proyect/moore.vhd sub00/vhpl56 1543619197
EN sumador6bits_muser_division NULL C:/Users/alejandro/Desktop/proyectologica/proyect/Division.vhf sub00/vhpl98 1543619227
AR sumador1bit_muser_multiplicador behavioral C:/Users/alejandro/Desktop/proyectologica/proyect/Multiplicador.vhf sub00/vhpl37 1543525039
EN multiplicador_muser_calculadora NULL C:/Users/alejandro/Desktop/proyectologica/proyect/Calculadora.vhf sub00/vhpl34 1543525034
AR registroa_muser_division behavioral C:/Users/alejandro/Desktop/proyectologica/proyect/Division.vhf sub00/vhpl91 1543619220
EN raiz NULL C:/Users/alejandro/Desktop/proyectologica/proyect/Raiz.vhf sub00/vhpl26 1543435947
EN multiinterno_muser_multiplicador NULL C:/Users/alejandro/Desktop/proyectologica/proyect/Multiplicador.vhf sub00/vhpl38 1543525040
AR sumadorrestador6bits_muser_division behavioral C:/Users/alejandro/Desktop/proyectologica/proyect/Division.vhf sub01/vhpl101 1543619230
EN pruebaraiz NULL C:/Users/alejandro/Desktop/proyectologica/proyect/pruebaRaiz.vhf sub00/vhpl50 1543435943
EN calculadora NULL C:/Users/alejandro/Desktop/proyectologica/proyect/Calculadora.vhf sub00/vhpl22 1543525036
AR multiinterno_muser_calculadora behavioral C:/Users/alejandro/Desktop/proyectologica/proyect/Calculadora.vhf sub00/vhpl33 1543525033
EN comparador NULL C:/Users/alejandro/Desktop/proyectologica/proyect/COMPARADOR.vhd sub00/vhpl52 1543619193
EN sumador1bit_muser_multiplicador NULL C:/Users/alejandro/Desktop/proyectologica/proyect/Multiplicador.vhf sub00/vhpl36 1543525038
EN contadord NULL C:/Users/alejandro/Desktop/proyectologica/proyect/ContadorD.vhf sub00/vhpl68 1543538972
EN ftc_mxilinx_contador NULL C:/Users/alejandro/Desktop/proyectologica/proyect/Contador.vhf sub00/vhpl66 1543619233
AR registro_muser_fulldiv behavioral C:/Users/alejandro/Desktop/proyectologica/proyect/FullDiv.vhf sub00/vhpl71 1543619200
AR moore behavioral C:/Users/alejandro/Desktop/proyectologica/proyect/moore.vhd sub00/vhpl57 1543619198
EN contador NULL C:/Users/alejandro/Desktop/proyectologica/proyect/Contador.vhf sub00/vhpl64 1543619235
AR raiz_muser_calculadora behavioral C:/Users/alejandro/Desktop/proyectologica/proyect/Calculadora.vhf sub00/vhpl21 1543429634
AR raiz_muser_pruebaraiz behavioral C:/Users/alejandro/Desktop/proyectologica/proyect/pruebaRaiz.vhf sub00/vhpl49 1543435942
EN contador_muser_contadorprueba NULL C:/Users/alejandro/Desktop/proyectologica/proyect/contadorPrueba.vhf sub00/vhpl60 1543521201
EN raizinterno NULL C:/Users/alejandro/Desktop/proyectologica/proyect/raizInterno.vhf sub00/vhpl28 1543435949
EN contador_muser_division NULL C:/Users/alejandro/Desktop/proyectologica/proyect/Division.vhf sub00/vhpl94 1543619223
AR sumador6bits behavioral C:/Users/alejandro/Desktop/proyectologica/proyect/Sumador6bits.vhf sub00/vhpl09 1543619252
AR contador_muser_fulldiv behavioral C:/Users/alejandro/Desktop/proyectologica/proyect/FullDiv.vhf sub00/vhpl77 1543619206
AR raizinterno_muser_calculadora behavioral C:/Users/alejandro/Desktop/proyectologica/proyect/Calculadora.vhf sub00/vhpl19 1543429632
AR raizinterno_muser_raiz behavioral C:/Users/alejandro/Desktop/proyectologica/proyect/Raiz.vhf sub00/vhpl25 1543435946
AR multiplicador_muser_calculadora behavioral C:/Users/alejandro/Desktop/proyectologica/proyect/Calculadora.vhf sub00/vhpl35 1543525035
AR raizinterno behavioral C:/Users/alejandro/Desktop/proyectologica/proyect/raizInterno.vhf sub00/vhpl29 1543435950
AR contador behavioral C:/Users/alejandro/Desktop/proyectologica/proyect/Contador.vhf sub00/vhpl65 1543619236
AR calculadora behavioral C:/Users/alejandro/Desktop/proyectologica/proyect/Calculadora.vhf sub00/vhpl23 1543525037
AR sumador1bit_muser_calculadora behavioral C:/Users/alejandro/Desktop/proyectologica/proyect/Calculadora.vhf sub00/vhpl31 1543525031
EN registro NULL C:/Users/alejandro/Desktop/proyectologica/proyect/Registro.vhf sub01/vhpl108 1543619247
