AR comparador6bits comparacion C:/Users/alejandro/Desktop/proyectologica/proyect/Comparador6Bits.vhd sub00/vhpl55 1543441342
EN raiz_muser_calculadora NULL C:/Users/alejandro/Desktop/proyectologica/proyect/Calculadora.vhf sub00/vhpl20 1543429633
AR raizinterno_muser_pruebaraiz behavioral C:/Users/alejandro/Desktop/proyectologica/proyect/pruebaRaiz.vhf sub00/vhpl47 1543435940
EN comparador6bits NULL C:/Users/alejandro/Desktop/proyectologica/proyect/Comparador6Bits.vhd sub00/vhpl54 1543441341
AR sumador1bit_muser_sumador6bits behavioral C:/Users/alejandro/Desktop/proyectologica/proyect/Sumador6bits.vhf sub00/vhpl07 1543358914
AR sqrt8 test C:/Users/alejandro/Desktop/proyectologica/proyect/raizCuadrada.vhd sub00/vhpl17 1543358793
AR comparador comparacion C:/Users/alejandro/Desktop/proyectologica/proyect/COMPARADOR.vhd sub00/vhpl53 1543441220
AR sumador6bits_muser_sumadorrestador6bits behavioral C:/Users/alejandro/Desktop/proyectologica/proyect/SumadorRestador6bits.vhf sub00/vhpl03 1543358910
EN multiinterno NULL C:/Users/alejandro/Desktop/proyectologica/proyect/MultiInterno.vhf sub00/vhpl44 1543433655
AR raiz behavioral C:/Users/alejandro/Desktop/proyectologica/proyect/Raiz.vhf sub00/vhpl27 1543435948
EN multiplicador NULL C:/Users/alejandro/Desktop/proyectologica/proyect/Multiplicador.vhf sub00/vhpl40 1543433651
EN raiz_muser_pruebaraiz NULL C:/Users/alejandro/Desktop/proyectologica/proyect/pruebaRaiz.vhf sub00/vhpl48 1543435941
AR sumadorrestador6bits behavioral C:/Users/alejandro/Desktop/proyectologica/proyect/SumadorRestador6bits.vhf sub00/vhpl05 1543358912
AR sumador1bit behavioral C:/Users/alejandro/Desktop/proyectologica/proyect/Sumador1Bit.vhf sub00/vhpl11 1543433658
EN sumador6bits NULL C:/Users/alejandro/Desktop/proyectologica/proyect/Sumador6bits.vhf sub00/vhpl08 1543358915
AR sm circuits C:/Users/alejandro/Desktop/proyectologica/proyect/raizCuadrada.vhd sub00/vhpl13 1543358789
EN sumador1bit_muser_sumadorrestador6bits NULL C:/Users/alejandro/Desktop/proyectologica/proyect/SumadorRestador6bits.vhf sub00/vhpl00 1543358907
EN psqrt NULL C:/Users/alejandro/Desktop/proyectologica/proyect/raizCuadrada.vhd sub00/vhpl14 1543358790
AR multiinterno behavioral C:/Users/alejandro/Desktop/proyectologica/proyect/MultiInterno.vhf sub00/vhpl45 1543433656
AR sumador1bit_muser_sumadorrestador6bits behavioral C:/Users/alejandro/Desktop/proyectologica/proyect/SumadorRestador6bits.vhf sub00/vhpl01 1543358908
EN sumador1bit_muser_multiinterno NULL C:/Users/alejandro/Desktop/proyectologica/proyect/MultiInterno.vhf sub00/vhpl42 1543433653
EN raizinterno_muser_raiz NULL C:/Users/alejandro/Desktop/proyectologica/proyect/Raiz.vhf sub00/vhpl24 1543435945
AR psqrt circuits C:/Users/alejandro/Desktop/proyectologica/proyect/raizCuadrada.vhd sub00/vhpl15 1543358791
AR multiinterno_muser_multiplicador behavioral C:/Users/alejandro/Desktop/proyectologica/proyect/Multiplicador.vhf sub00/vhpl39 1543433650
EN sumador1bit NULL C:/Users/alejandro/Desktop/proyectologica/proyect/Sumador1Bit.vhf sub00/vhpl10 1543433657
AR pruebaraiz behavioral C:/Users/alejandro/Desktop/proyectologica/proyect/pruebaRaiz.vhf sub00/vhpl51 1543435944
EN sumador1bit_muser_calculadora NULL C:/Users/alejandro/Desktop/proyectologica/proyect/Calculadora.vhf sub00/vhpl30 1543433639
EN sm NULL C:/Users/alejandro/Desktop/proyectologica/proyect/raizCuadrada.vhd sub00/vhpl12 1543358788
EN raizinterno_muser_pruebaraiz NULL C:/Users/alejandro/Desktop/proyectologica/proyect/pruebaRaiz.vhf sub00/vhpl46 1543435939
AR sumador1bit_muser_multiinterno behavioral C:/Users/alejandro/Desktop/proyectologica/proyect/MultiInterno.vhf sub00/vhpl43 1543433654
EN sumador6bits_muser_sumadorrestador6bits NULL C:/Users/alejandro/Desktop/proyectologica/proyect/SumadorRestador6bits.vhf sub00/vhpl02 1543358909
EN sumador1bit_muser_sumador6bits NULL C:/Users/alejandro/Desktop/proyectologica/proyect/Sumador6bits.vhf sub00/vhpl06 1543358913
EN sqrt8 NULL C:/Users/alejandro/Desktop/proyectologica/proyect/raizCuadrada.vhd sub00/vhpl16 1543358792
EN sumadorrestador6bits NULL C:/Users/alejandro/Desktop/proyectologica/proyect/SumadorRestador6bits.vhf sub00/vhpl04 1543358911
EN multiinterno_muser_calculadora NULL C:/Users/alejandro/Desktop/proyectologica/proyect/Calculadora.vhf sub00/vhpl32 1543433641
EN raizinterno_muser_calculadora NULL C:/Users/alejandro/Desktop/proyectologica/proyect/Calculadora.vhf sub00/vhpl18 1543429631
AR multiplicador behavioral C:/Users/alejandro/Desktop/proyectologica/proyect/Multiplicador.vhf sub00/vhpl41 1543433652
AR sumador1bit_muser_multiplicador behavioral C:/Users/alejandro/Desktop/proyectologica/proyect/Multiplicador.vhf sub00/vhpl37 1543433648
EN multiplicador_muser_calculadora NULL C:/Users/alejandro/Desktop/proyectologica/proyect/Calculadora.vhf sub00/vhpl34 1543433643
EN raiz NULL C:/Users/alejandro/Desktop/proyectologica/proyect/Raiz.vhf sub00/vhpl26 1543435947
EN multiinterno_muser_multiplicador NULL C:/Users/alejandro/Desktop/proyectologica/proyect/Multiplicador.vhf sub00/vhpl38 1543433649
EN pruebaraiz NULL C:/Users/alejandro/Desktop/proyectologica/proyect/pruebaRaiz.vhf sub00/vhpl50 1543435943
EN calculadora NULL C:/Users/alejandro/Desktop/proyectologica/proyect/Calculadora.vhf sub00/vhpl22 1543433645
AR multiinterno_muser_calculadora behavioral C:/Users/alejandro/Desktop/proyectologica/proyect/Calculadora.vhf sub00/vhpl33 1543433642
EN comparador NULL C:/Users/alejandro/Desktop/proyectologica/proyect/COMPARADOR.vhd sub00/vhpl52 1543441219
EN sumador1bit_muser_multiplicador NULL C:/Users/alejandro/Desktop/proyectologica/proyect/Multiplicador.vhf sub00/vhpl36 1543433647
AR raiz_muser_calculadora behavioral C:/Users/alejandro/Desktop/proyectologica/proyect/Calculadora.vhf sub00/vhpl21 1543429634
AR raiz_muser_pruebaraiz behavioral C:/Users/alejandro/Desktop/proyectologica/proyect/pruebaRaiz.vhf sub00/vhpl49 1543435942
EN raizinterno NULL C:/Users/alejandro/Desktop/proyectologica/proyect/raizInterno.vhf sub00/vhpl28 1543435949
AR sumador6bits behavioral C:/Users/alejandro/Desktop/proyectologica/proyect/Sumador6bits.vhf sub00/vhpl09 1543358916
AR raizinterno_muser_calculadora behavioral C:/Users/alejandro/Desktop/proyectologica/proyect/Calculadora.vhf sub00/vhpl19 1543429632
AR raizinterno_muser_raiz behavioral C:/Users/alejandro/Desktop/proyectologica/proyect/Raiz.vhf sub00/vhpl25 1543435946
AR multiplicador_muser_calculadora behavioral C:/Users/alejandro/Desktop/proyectologica/proyect/Calculadora.vhf sub00/vhpl35 1543433644
AR raizinterno behavioral C:/Users/alejandro/Desktop/proyectologica/proyect/raizInterno.vhf sub00/vhpl29 1543435950
AR calculadora behavioral C:/Users/alejandro/Desktop/proyectologica/proyect/Calculadora.vhf sub00/vhpl23 1543433646
AR sumador1bit_muser_calculadora behavioral C:/Users/alejandro/Desktop/proyectologica/proyect/Calculadora.vhf sub00/vhpl31 1543433640
