#-----------------------------------------------------------
# PlanAhead v14.4 (64-bit)
# Build 222254 by xbuild on Tue Dec 18 05:21:09 MST 2012
# Start of session at: Fri Nov 30 18:00:10 2018
# Process ID: 5196
# Log file: C:/Users/alejandro/Desktop/proyectologica/proyect/planAhead_run_5/planAhead.log
# Journal file: C:/Users/alejandro/Desktop/proyectologica/proyect/planAhead_run_5/planAhead.jou
#-----------------------------------------------------------
start_gui
source C:/Users/alejandro/Desktop/proyectologica/proyect/pa.fromHdl.tcl
update_compile_order -fileset sim_1
set_property pulltype PULLUP [get_ports [list B0]]
set_property pulltype PULLUP [get_ports [list B1]]
set_property pulltype PULLUP [get_ports [list B2]]
set_property pulltype PULLUP [get_ports [list B3]]
set_property pulltype PULLUP [get_ports [list B5]]
set_property pulltype PULLUP [get_ports [list Enable]]
set_property pulltype PULLUP [get_ports [list CLK]]
set_property pulltype PULLUP [get_ports [list B4]]
startgroup
set_property package_pin L13 [get_ports B0]
endgroup
startgroup
set_property package_pin L14 [get_ports B1]
endgroup
startgroup
set_property package_pin H18 [get_ports B2]
endgroup
startgroup
set_property package_pin N17 [get_ports B3]
endgroup
startgroup
set_property package_pin H13 [get_ports B4]
endgroup
startgroup
set_property package_pin K17 [get_ports B5]
endgroup
startgroup
set_property package_pin C9 [get_ports CLK]
endgroup
startgroup
set_property package_pin U4 [get_ports Enable]
endgroup
startgroup
set_property package_pin F12 [get_ports S0]
endgroup
startgroup
set_property package_pin E12 [get_ports S1]
endgroup
startgroup
set_property package_pin E11 [get_ports S2]
endgroup
startgroup
set_property package_pin F11 [get_ports S3]
endgroup
startgroup
set_property package_pin C11 [get_ports S4]
endgroup
startgroup
set_property package_pin D11 [get_ports S5]
endgroup
save_constraints
